🔨 Building APK with Tutorial System...
./build_now.sh: line 6: /Applications/Unity/Hub/Editor/2022.3.11f1/Unity.app/Contents/MacOS/Unity: No such file or directory
❌ Build failed. Check build_tutorial.log
tail: build_tutorial.log: No such file or directory
